MPLINK 4.40, Linker
Linker Map File - Created Sat Nov 14 22:31:11 2020

                                 Section Info
                  Section       Type    Address   Location Size(Bytes)
                ---------  ---------  ---------  ---------  ---------
                   .org_0       code   0x000000    program   0x0004c8
                   .cinit    romdata   0x000264    program   0x000004



                              Program Memory Usage 
                               Start         End      
                           ---------   ---------      
                            0x000000    0x000265      
            614 out of 8454 program addresses used, program memory utilization is 7%



                              Symbols - Sorted by Name
                     Name    Address   Location    Storage File                     
                ---------  ---------  ---------  --------- ---------                
                      ADC   0x0001bf    program     static D:\LAB\lulw\lulw.asm     
                 ADC_Loop   0x0001d7    program     static D:\LAB\lulw\lulw.asm     
                    ADC_c   0x0001ec    program     static D:\LAB\lulw\lulw.asm     
                    ADC_d   0x0001f2    program     static D:\LAB\lulw\lulw.asm     
                ADC_delay   0x0001e5    program     static D:\LAB\lulw\lulw.asm     
                ADC_start   0x0001cb    program     static D:\LAB\lulw\lulw.asm     
                     READ   0x00010a    program     static D:\LAB\lulw\lulw.asm     
                  SD_Loop   0x0001fc    program     static D:\LAB\lulw\lulw.asm     
                     STOP   0x000264    program     static D:\LAB\lulw\lulw.asm     
              Small_delay   0x0001f9    program     static D:\LAB\lulw\lulw.asm     
             adress_check   0x0000a5    program     static D:\LAB\lulw\lulw.asm     
                    begin   0x000004    program     static D:\LAB\lulw\lulw.asm     
                      cnt   0x000260    program     static D:\LAB\lulw\lulw.asm     
                     col1   0x00020c    program     static D:\LAB\lulw\lulw.asm     
                     col2   0x000224    program     static D:\LAB\lulw\lulw.asm     
                     col3   0x000242    program     static D:\LAB\lulw\lulw.asm     
                   col_c1   0x000031    program     static D:\LAB\lulw\lulw.asm     
                col_delay   0x000030    program     static D:\LAB\lulw\lulw.asm     
                 col_loop   0x00004a    program     static D:\LAB\lulw\lulw.asm     
                col_start   0x000038    program     static D:\LAB\lulw\lulw.asm     
                   column   0x000037    program     static D:\LAB\lulw\lulw.asm     
              delay_write   0x00009e    program     static D:\LAB\lulw\lulw.asm     
             draw_hitachi   0x000121    program     static D:\LAB\lulw\lulw.asm     
                draw_loop   0x000143    program     static D:\LAB\lulw\lulw.asm     
                draw_next   0x000155    program     static D:\LAB\lulw\lulw.asm     
                   error1   0x000114    program     static D:\LAB\lulw\lulw.asm     
                   error2   0x000115    program     static D:\LAB\lulw\lulw.asm     
                  error_c   0x0000d1    program     static D:\LAB\lulw\lulw.asm     
                  error_d   0x0000d7    program     static D:\LAB\lulw\lulw.asm     
              error_delay   0x0000cd    program     static D:\LAB\lulw\lulw.asm     
                 init_com   0x0000fb    program     static D:\LAB\lulw\lulw.asm     
                  key_det   0x000200    program     static D:\LAB\lulw\lulw.asm     
                   less20   0x0000ab    program     static D:\LAB\lulw\lulw.asm     
              mirror_loop   0x0001a2    program     static D:\LAB\lulw\lulw.asm     
              mode_select   0x00001b    program     static D:\LAB\lulw\lulw.asm     
                    more0   0x0000a5    program     static D:\LAB\lulw\lulw.asm     
              read_adress   0x00008e    program     static D:\LAB\lulw\lulw.asm     
                read_char   0x00008a    program     static D:\LAB\lulw\lulw.asm     
                 read_com   0x000109    program     static D:\LAB\lulw\lulw.asm     
                   redraw   0x00015b    program     static D:\LAB\lulw\lulw.asm     
              redraw_loop   0x00016d    program     static D:\LAB\lulw\lulw.asm     
              redraw_next   0x000180    program     static D:\LAB\lulw\lulw.asm     
                      row   0x00006e    program     static D:\LAB\lulw\lulw.asm     
                   row_c2   0x000062    program     static D:\LAB\lulw\lulw.asm     
                   row_d2   0x000068    program     static D:\LAB\lulw\lulw.asm     
                row_delay   0x00005e    program     static D:\LAB\lulw\lulw.asm     
                 row_loop   0x00007b    program     static D:\LAB\lulw\lulw.asm     
                row_start   0x00006f    program     static D:\LAB\lulw\lulw.asm     
                s_segment   0x000190    program     static D:\LAB\lulw\lulw.asm     
              s_segment_0   0x0001b2    program     static D:\LAB\lulw\lulw.asm     
              s_segment_1   0x0001b5    program     static D:\LAB\lulw\lulw.asm     
              s_segment_c   0x0001b9    program     static D:\LAB\lulw\lulw.asm     
          s_segment_delay   0x0001b8    program     static D:\LAB\lulw\lulw.asm     
            s_segment_inc   0x0001ac    program     static D:\LAB\lulw\lulw.asm     
           s_segment_loop   0x00019d    program     static D:\LAB\lulw\lulw.asm     
                 scan_com   0x000018    program     static D:\LAB\lulw\lulw.asm     
                  speaker   0x0000dd    program     static D:\LAB\lulw\lulw.asm     
                speaker_c   0x0000ef    program     static D:\LAB\lulw\lulw.asm     
                speaker_d   0x0000f5    program     static D:\LAB\lulw\lulw.asm     
            speaker_delay   0x0000e9    program     static D:\LAB\lulw\lulw.asm     
               test_chars   0x000186    program     static D:\LAB\lulw\lulw.asm     
                test_loop   0x000188    program     static D:\LAB\lulw\lulw.asm     
              wait_adress   0x000138    program     static D:\LAB\lulw\lulw.asm     
                wait_char   0x000133    program     static D:\LAB\lulw\lulw.asm     
                    write   0x000095    program     static D:\LAB\lulw\lulw.asm     
                 write_c2   0x00009f    program     static D:\LAB\lulw\lulw.asm     
              write_check   0x00011d    program     static D:\LAB\lulw\lulw.asm     
                write_com   0x000117    program     static D:\LAB\lulw\lulw.asm     
              write_error   0x0000b0    program     static D:\LAB\lulw\lulw.asm     
                write_key   0x0001e2    program     static D:\LAB\lulw\lulw.asm     



                              Symbols - Sorted by Address
                     Name    Address   Location    Storage File                     
                ---------  ---------  ---------  --------- ---------                
                    begin   0x000004    program     static D:\LAB\lulw\lulw.asm     
                 scan_com   0x000018    program     static D:\LAB\lulw\lulw.asm     
              mode_select   0x00001b    program     static D:\LAB\lulw\lulw.asm     
                col_delay   0x000030    program     static D:\LAB\lulw\lulw.asm     
                   col_c1   0x000031    program     static D:\LAB\lulw\lulw.asm     
                   column   0x000037    program     static D:\LAB\lulw\lulw.asm     
                col_start   0x000038    program     static D:\LAB\lulw\lulw.asm     
                 col_loop   0x00004a    program     static D:\LAB\lulw\lulw.asm     
                row_delay   0x00005e    program     static D:\LAB\lulw\lulw.asm     
                   row_c2   0x000062    program     static D:\LAB\lulw\lulw.asm     
                   row_d2   0x000068    program     static D:\LAB\lulw\lulw.asm     
                      row   0x00006e    program     static D:\LAB\lulw\lulw.asm     
                row_start   0x00006f    program     static D:\LAB\lulw\lulw.asm     
                 row_loop   0x00007b    program     static D:\LAB\lulw\lulw.asm     
                read_char   0x00008a    program     static D:\LAB\lulw\lulw.asm     
              read_adress   0x00008e    program     static D:\LAB\lulw\lulw.asm     
                    write   0x000095    program     static D:\LAB\lulw\lulw.asm     
              delay_write   0x00009e    program     static D:\LAB\lulw\lulw.asm     
                 write_c2   0x00009f    program     static D:\LAB\lulw\lulw.asm     
                    more0   0x0000a5    program     static D:\LAB\lulw\lulw.asm     
             adress_check   0x0000a5    program     static D:\LAB\lulw\lulw.asm     
                   less20   0x0000ab    program     static D:\LAB\lulw\lulw.asm     
              write_error   0x0000b0    program     static D:\LAB\lulw\lulw.asm     
              error_delay   0x0000cd    program     static D:\LAB\lulw\lulw.asm     
                  error_c   0x0000d1    program     static D:\LAB\lulw\lulw.asm     
                  error_d   0x0000d7    program     static D:\LAB\lulw\lulw.asm     
                  speaker   0x0000dd    program     static D:\LAB\lulw\lulw.asm     
            speaker_delay   0x0000e9    program     static D:\LAB\lulw\lulw.asm     
                speaker_c   0x0000ef    program     static D:\LAB\lulw\lulw.asm     
                speaker_d   0x0000f5    program     static D:\LAB\lulw\lulw.asm     
                 init_com   0x0000fb    program     static D:\LAB\lulw\lulw.asm     
                 read_com   0x000109    program     static D:\LAB\lulw\lulw.asm     
                     READ   0x00010a    program     static D:\LAB\lulw\lulw.asm     
                   error1   0x000114    program     static D:\LAB\lulw\lulw.asm     
                   error2   0x000115    program     static D:\LAB\lulw\lulw.asm     
                write_com   0x000117    program     static D:\LAB\lulw\lulw.asm     
              write_check   0x00011d    program     static D:\LAB\lulw\lulw.asm     
             draw_hitachi   0x000121    program     static D:\LAB\lulw\lulw.asm     
                wait_char   0x000133    program     static D:\LAB\lulw\lulw.asm     
              wait_adress   0x000138    program     static D:\LAB\lulw\lulw.asm     
                draw_loop   0x000143    program     static D:\LAB\lulw\lulw.asm     
                draw_next   0x000155    program     static D:\LAB\lulw\lulw.asm     
                   redraw   0x00015b    program     static D:\LAB\lulw\lulw.asm     
              redraw_loop   0x00016d    program     static D:\LAB\lulw\lulw.asm     
              redraw_next   0x000180    program     static D:\LAB\lulw\lulw.asm     
               test_chars   0x000186    program     static D:\LAB\lulw\lulw.asm     
                test_loop   0x000188    program     static D:\LAB\lulw\lulw.asm     
                s_segment   0x000190    program     static D:\LAB\lulw\lulw.asm     
           s_segment_loop   0x00019d    program     static D:\LAB\lulw\lulw.asm     
              mirror_loop   0x0001a2    program     static D:\LAB\lulw\lulw.asm     
            s_segment_inc   0x0001ac    program     static D:\LAB\lulw\lulw.asm     
              s_segment_0   0x0001b2    program     static D:\LAB\lulw\lulw.asm     
              s_segment_1   0x0001b5    program     static D:\LAB\lulw\lulw.asm     
          s_segment_delay   0x0001b8    program     static D:\LAB\lulw\lulw.asm     
              s_segment_c   0x0001b9    program     static D:\LAB\lulw\lulw.asm     
                      ADC   0x0001bf    program     static D:\LAB\lulw\lulw.asm     
                ADC_start   0x0001cb    program     static D:\LAB\lulw\lulw.asm     
                 ADC_Loop   0x0001d7    program     static D:\LAB\lulw\lulw.asm     
                write_key   0x0001e2    program     static D:\LAB\lulw\lulw.asm     
                ADC_delay   0x0001e5    program     static D:\LAB\lulw\lulw.asm     
                    ADC_c   0x0001ec    program     static D:\LAB\lulw\lulw.asm     
                    ADC_d   0x0001f2    program     static D:\LAB\lulw\lulw.asm     
              Small_delay   0x0001f9    program     static D:\LAB\lulw\lulw.asm     
                  SD_Loop   0x0001fc    program     static D:\LAB\lulw\lulw.asm     
                  key_det   0x000200    program     static D:\LAB\lulw\lulw.asm     
                     col1   0x00020c    program     static D:\LAB\lulw\lulw.asm     
                     col2   0x000224    program     static D:\LAB\lulw\lulw.asm     
                     col3   0x000242    program     static D:\LAB\lulw\lulw.asm     
                      cnt   0x000260    program     static D:\LAB\lulw\lulw.asm     
                     STOP   0x000264    program     static D:\LAB\lulw\lulw.asm     


