MPLINK 4.40, Linker
Linker Map File - Created Mon Nov 16 13:56:47 2020

                                 Section Info
                  Section       Type    Address   Location Size(Bytes)
                ---------  ---------  ---------  ---------  ---------
                   .org_0       code   0x000000    program   0x0004aa
                   .cinit    romdata   0x000255    program   0x000004



                              Program Memory Usage 
                               Start         End      
                           ---------   ---------      
                            0x000000    0x000256      
            599 out of 8454 program addresses used, program memory utilization is 7%



                              Symbols - Sorted by Name
                     Name    Address   Location    Storage File                     
                ---------  ---------  ---------  --------- ---------                
                      ADC   0x0001bc    program     static D:\LAB\lulw\lulw.asm     
                 ADC_Loop   0x0001d4    program     static D:\LAB\lulw\lulw.asm     
                    ADC_c   0x0001e9    program     static D:\LAB\lulw\lulw.asm     
                    ADC_d   0x0001ef    program     static D:\LAB\lulw\lulw.asm     
                ADC_delay   0x0001e2    program     static D:\LAB\lulw\lulw.asm     
                ADC_start   0x0001c8    program     static D:\LAB\lulw\lulw.asm     
                  CC_Loop   0x00001c    program     static D:\LAB\lulw\lulw.asm     
                     READ   0x0000da    program     static D:\LAB\lulw\lulw.asm     
                  SC_Loop   0x000188    program     static D:\LAB\lulw\lulw.asm     
                  SD_Loop   0x0001f9    program     static D:\LAB\lulw\lulw.asm     
                     STOP   0x000255    program     static D:\LAB\lulw\lulw.asm     
              Small_delay   0x0001f6    program     static D:\LAB\lulw\lulw.asm     
             adress_check   0x0000b4    program     static D:\LAB\lulw\lulw.asm     
                    begin   0x000004    program     static D:\LAB\lulw\lulw.asm     
              clear_chars   0x00001a    program     static D:\LAB\lulw\lulw.asm     
                      cnt   0x000251    program     static D:\LAB\lulw\lulw.asm     
                     col1   0x000209    program     static D:\LAB\lulw\lulw.asm     
                     col2   0x00021d    program     static D:\LAB\lulw\lulw.asm     
                     col3   0x000237    program     static D:\LAB\lulw\lulw.asm     
                   col_c1   0x000040    program     static D:\LAB\lulw\lulw.asm     
                col_delay   0x00003f    program     static D:\LAB\lulw\lulw.asm     
                 col_loop   0x000059    program     static D:\LAB\lulw\lulw.asm     
                col_start   0x000047    program     static D:\LAB\lulw\lulw.asm     
                   column   0x000046    program     static D:\LAB\lulw\lulw.asm     
              delay_write   0x0000ad    program     static D:\LAB\lulw\lulw.asm     
             draw_hitachi   0x0000f1    program     static D:\LAB\lulw\lulw.asm     
                draw_loop   0x000113    program     static D:\LAB\lulw\lulw.asm     
                draw_next   0x000126    program     static D:\LAB\lulw\lulw.asm     
                   error1   0x0000e4    program     static D:\LAB\lulw\lulw.asm     
                   error2   0x0000e5    program     static D:\LAB\lulw\lulw.asm     
                  error_c   0x000178    program     static D:\LAB\lulw\lulw.asm     
                  error_d   0x00017e    program     static D:\LAB\lulw\lulw.asm     
              error_delay   0x000174    program     static D:\LAB\lulw\lulw.asm     
                 init_com   0x0000cb    program     static D:\LAB\lulw\lulw.asm     
                  key_det   0x0001fd    program     static D:\LAB\lulw\lulw.asm     
                   less20   0x0000ba    program     static D:\LAB\lulw\lulw.asm     
              mirror_loop   0x00019f    program     static D:\LAB\lulw\lulw.asm     
              mode_select   0x000029    program     static D:\LAB\lulw\lulw.asm     
                    more0   0x0000b4    program     static D:\LAB\lulw\lulw.asm     
              read_adress   0x00009d    program     static D:\LAB\lulw\lulw.asm     
                read_char   0x000099    program     static D:\LAB\lulw\lulw.asm     
                 read_com   0x0000d9    program     static D:\LAB\lulw\lulw.asm     
                   redraw   0x00012c    program     static D:\LAB\lulw\lulw.asm     
              redraw_loop   0x00013e    program     static D:\LAB\lulw\lulw.asm     
              redraw_next   0x000151    program     static D:\LAB\lulw\lulw.asm     
                      row   0x00007d    program     static D:\LAB\lulw\lulw.asm     
                   row_c2   0x000071    program     static D:\LAB\lulw\lulw.asm     
                   row_d2   0x000077    program     static D:\LAB\lulw\lulw.asm     
                row_delay   0x00006d    program     static D:\LAB\lulw\lulw.asm     
                 row_loop   0x00008a    program     static D:\LAB\lulw\lulw.asm     
                row_start   0x00007e    program     static D:\LAB\lulw\lulw.asm     
                s_segment   0x00018d    program     static D:\LAB\lulw\lulw.asm     
              s_segment_0   0x0001af    program     static D:\LAB\lulw\lulw.asm     
              s_segment_1   0x0001b2    program     static D:\LAB\lulw\lulw.asm     
              s_segment_c   0x0001b6    program     static D:\LAB\lulw\lulw.asm     
        s_segment_counter   0x000184    program     static D:\LAB\lulw\lulw.asm     
          s_segment_delay   0x0001b5    program     static D:\LAB\lulw\lulw.asm     
            s_segment_inc   0x0001a9    program     static D:\LAB\lulw\lulw.asm     
           s_segment_loop   0x00019a    program     static D:\LAB\lulw\lulw.asm     
                 scan_com   0x000025    program     static D:\LAB\lulw\lulw.asm     
                  speaker   0x0000bf    program     static D:\LAB\lulw\lulw.asm     
              wait_adress   0x000108    program     static D:\LAB\lulw\lulw.asm     
                wait_char   0x000103    program     static D:\LAB\lulw\lulw.asm     
                    write   0x0000a4    program     static D:\LAB\lulw\lulw.asm     
                 write_c2   0x0000ae    program     static D:\LAB\lulw\lulw.asm     
              write_check   0x0000ed    program     static D:\LAB\lulw\lulw.asm     
                write_com   0x0000e7    program     static D:\LAB\lulw\lulw.asm     
              write_error   0x000157    program     static D:\LAB\lulw\lulw.asm     
                write_key   0x0001df    program     static D:\LAB\lulw\lulw.asm     



                              Symbols - Sorted by Address
                     Name    Address   Location    Storage File                     
                ---------  ---------  ---------  --------- ---------                
                    begin   0x000004    program     static D:\LAB\lulw\lulw.asm     
              clear_chars   0x00001a    program     static D:\LAB\lulw\lulw.asm     
                  CC_Loop   0x00001c    program     static D:\LAB\lulw\lulw.asm     
                 scan_com   0x000025    program     static D:\LAB\lulw\lulw.asm     
              mode_select   0x000029    program     static D:\LAB\lulw\lulw.asm     
                col_delay   0x00003f    program     static D:\LAB\lulw\lulw.asm     
                   col_c1   0x000040    program     static D:\LAB\lulw\lulw.asm     
                   column   0x000046    program     static D:\LAB\lulw\lulw.asm     
                col_start   0x000047    program     static D:\LAB\lulw\lulw.asm     
                 col_loop   0x000059    program     static D:\LAB\lulw\lulw.asm     
                row_delay   0x00006d    program     static D:\LAB\lulw\lulw.asm     
                   row_c2   0x000071    program     static D:\LAB\lulw\lulw.asm     
                   row_d2   0x000077    program     static D:\LAB\lulw\lulw.asm     
                      row   0x00007d    program     static D:\LAB\lulw\lulw.asm     
                row_start   0x00007e    program     static D:\LAB\lulw\lulw.asm     
                 row_loop   0x00008a    program     static D:\LAB\lulw\lulw.asm     
                read_char   0x000099    program     static D:\LAB\lulw\lulw.asm     
              read_adress   0x00009d    program     static D:\LAB\lulw\lulw.asm     
                    write   0x0000a4    program     static D:\LAB\lulw\lulw.asm     
              delay_write   0x0000ad    program     static D:\LAB\lulw\lulw.asm     
                 write_c2   0x0000ae    program     static D:\LAB\lulw\lulw.asm     
             adress_check   0x0000b4    program     static D:\LAB\lulw\lulw.asm     
                    more0   0x0000b4    program     static D:\LAB\lulw\lulw.asm     
                   less20   0x0000ba    program     static D:\LAB\lulw\lulw.asm     
                  speaker   0x0000bf    program     static D:\LAB\lulw\lulw.asm     
                 init_com   0x0000cb    program     static D:\LAB\lulw\lulw.asm     
                 read_com   0x0000d9    program     static D:\LAB\lulw\lulw.asm     
                     READ   0x0000da    program     static D:\LAB\lulw\lulw.asm     
                   error1   0x0000e4    program     static D:\LAB\lulw\lulw.asm     
                   error2   0x0000e5    program     static D:\LAB\lulw\lulw.asm     
                write_com   0x0000e7    program     static D:\LAB\lulw\lulw.asm     
              write_check   0x0000ed    program     static D:\LAB\lulw\lulw.asm     
             draw_hitachi   0x0000f1    program     static D:\LAB\lulw\lulw.asm     
                wait_char   0x000103    program     static D:\LAB\lulw\lulw.asm     
              wait_adress   0x000108    program     static D:\LAB\lulw\lulw.asm     
                draw_loop   0x000113    program     static D:\LAB\lulw\lulw.asm     
                draw_next   0x000126    program     static D:\LAB\lulw\lulw.asm     
                   redraw   0x00012c    program     static D:\LAB\lulw\lulw.asm     
              redraw_loop   0x00013e    program     static D:\LAB\lulw\lulw.asm     
              redraw_next   0x000151    program     static D:\LAB\lulw\lulw.asm     
              write_error   0x000157    program     static D:\LAB\lulw\lulw.asm     
              error_delay   0x000174    program     static D:\LAB\lulw\lulw.asm     
                  error_c   0x000178    program     static D:\LAB\lulw\lulw.asm     
                  error_d   0x00017e    program     static D:\LAB\lulw\lulw.asm     
        s_segment_counter   0x000184    program     static D:\LAB\lulw\lulw.asm     
                  SC_Loop   0x000188    program     static D:\LAB\lulw\lulw.asm     
                s_segment   0x00018d    program     static D:\LAB\lulw\lulw.asm     
           s_segment_loop   0x00019a    program     static D:\LAB\lulw\lulw.asm     
              mirror_loop   0x00019f    program     static D:\LAB\lulw\lulw.asm     
            s_segment_inc   0x0001a9    program     static D:\LAB\lulw\lulw.asm     
              s_segment_0   0x0001af    program     static D:\LAB\lulw\lulw.asm     
              s_segment_1   0x0001b2    program     static D:\LAB\lulw\lulw.asm     
          s_segment_delay   0x0001b5    program     static D:\LAB\lulw\lulw.asm     
              s_segment_c   0x0001b6    program     static D:\LAB\lulw\lulw.asm     
                      ADC   0x0001bc    program     static D:\LAB\lulw\lulw.asm     
                ADC_start   0x0001c8    program     static D:\LAB\lulw\lulw.asm     
                 ADC_Loop   0x0001d4    program     static D:\LAB\lulw\lulw.asm     
                write_key   0x0001df    program     static D:\LAB\lulw\lulw.asm     
                ADC_delay   0x0001e2    program     static D:\LAB\lulw\lulw.asm     
                    ADC_c   0x0001e9    program     static D:\LAB\lulw\lulw.asm     
                    ADC_d   0x0001ef    program     static D:\LAB\lulw\lulw.asm     
              Small_delay   0x0001f6    program     static D:\LAB\lulw\lulw.asm     
                  SD_Loop   0x0001f9    program     static D:\LAB\lulw\lulw.asm     
                  key_det   0x0001fd    program     static D:\LAB\lulw\lulw.asm     
                     col1   0x000209    program     static D:\LAB\lulw\lulw.asm     
                     col2   0x00021d    program     static D:\LAB\lulw\lulw.asm     
                     col3   0x000237    program     static D:\LAB\lulw\lulw.asm     
                      cnt   0x000251    program     static D:\LAB\lulw\lulw.asm     
                     STOP   0x000255    program     static D:\LAB\lulw\lulw.asm     


